---
source: src/eca.rs
expression: readable_iterations(eca.iterations)
---
                                        █                                       
                                       ███                                      
                                      ██  █                                     
                                     ██ ████                                    
                                    ██  █   █                                   
                                   ██ ████ ███                                  
                                  ██  █    █  █                                 
                                 ██ ████  ██████                                
                                ██  █   ███     █                               
                               ██ ████ ██  █   ███                              
                              ██  █    █ ████ ██  █                             
                             ██ ████  ██ █    █ ████                            
                            ██  █   ███  ██  ██ █   █                           
                           ██ ████ ██  ███ ███  ██ ███                          
                          ██  █    █ ███   █  ███  █  █                         
                         ██ ████  ██ █  █ █████  ███████                        
                        ██  █   ███  ████ █    ███      █                       
                       ██ ████ ██  ███    ██  ██  █    ███                      
                      ██  █    █ ███  █  ██ ███ ████  ██  █                     
                     ██ ████  ██ █  ██████  █   █   ███ ████                    
                    ██  █   ███  ████     ████ ███ ██   █   █                   
                   ██ ████ ██  ███   █   ██    █   █ █ ███ ███                  
                  ██  █    █ ███  █ ███ ██ █  ███ ██ █ █   █  █                 
                 ██ ████  ██ █  ███ █   █  ████   █  █ ██ ██████                
                ██  █   ███  ████   ██ █████   █ █████ █  █     █               
               ██ ████ ██  ███   █ ██  █    █ ██ █     █████   ███              
              ██  █    █ ███  █ ██ █ ████  ██ █  ██   ██    █ ██  █             
             ██ ████  ██ █  ███ █  █ █   ███  ████ █ ██ █  ██ █ ████            
            ██  █   ███  ████   ████ ██ ██  ███    █ █  ████  █ █   █           
           ██ ████ ██  ███   █ ██    █  █ ███  █  ██ ████   ███ ██ ███          
          ██  █    █ ███  █ ██ █ █  █████ █  ██████  █   █ ██   █  █  █         
         ██ ████  ██ █  ███ █  █ ████     ████     ████ ██ █ █ █████████        
        ██  █   ███  ████   ████ █   █   ██   █   ██    █  █ █ █        █       
       ██ ████ ██  ███   █ ██    ██ ███ ██ █ ███ ██ █  █████ █ ██      ███      
      ██  █    █ ███  █ ██ █ █  ██  █   █  █ █   █  ████     █ █ █    ██  █     
     ██ ████  ██ █  ███ █  █ ████ ████ █████ ██ █████   █   ██ █ ██  ██ ████    
    ██  █   ███  ████   ████ █    █    █     █  █    █ ███ ██  █ █ ███  █   █   
   ██ ████ ██  ███   █ ██    ██  ███  ███   ██████  ██ █   █ ███ █ █  ████ ███  
  ██  █    █ ███  █ ██ █ █  ██ ███  ███  █ ██     ███  ██ ██ █   █ ████    █  █ 
 ██ ████  ██ █  ███ █  █ ████  █  ███  ███ █ █   ██  ███  █  ██ ██ █   █  ██████
 █  █   ███  ████   ████ █   ██████  ███   █ ██ ██ ███  ██████  █  ██ █████     
██████ ██  ███   █ ██    ██ ██     ███  █ ██ █  █  █  ███     ██████  █    █    
█      █ ███  █ ██ █ █  ██  █ █   ██  ███ █  ██████████  █   ██     ████  ███  █
 █    ██ █  ███ █  █ ████ ███ ██ ██ ███   ████         ████ ██ █   ██   ███  ███
 ██  ██  ████   ████ █    █   █  █  █  █ ██   █       ██    █  ██ ██ █ ██  ███  
██ ███ ███   █ ██    ██  ███ ███████████ █ █ ███     ██ █  █████  █  █ █ ███  █ 
█  █   █  █ ██ █ █  ██ ███   █           █ █ █  █   ██  ████    ██████ █ █  ███ 
█████ █████ █  █ ████  █  █ ███         ██ █ █████ ██ ███   █  ██      █ ████   
█     █     ████ █   ██████ █  █       ██  █ █     █  █  █ █████ █    ██ █   █ █
 █   ███   ██    ██ ██      █████     ██ ███ ██   ████████ █     ██  ██  ██ ██ █
 ██ ██  █ ██ █  ██  █ █    ██    █   ██  █   █ █ ██        ██   ██ ███ ███  █  █
 █  █ ███ █  ████ ███ ██  ██ █  ███ ██ ████ ██ █ █ █      ██ █ ██  █   █  ██████
 ████ █   ████    █   █ ███  ████   █  █    █  █ █ ██    ██  █ █ ████ █████     
██    ██ ██   █  ███ ██ █  ███   █ ██████  █████ █ █ █  ██ ███ █ █    █    █    
█ █  ██  █ █ █████   █  ████  █ ██ █     ███     █ █ ████  █   █ ██  ███  ███  █
  ████ ███ █ █    █ █████   ███ █  ██   ██  █   ██ █ █   ████ ██ █ ███  ███  ███
███    █   █ ██  ██ █    █ ██   ████ █ ██ ████ ██  █ ██ ██    █  █ █  ███  ███  
█  █  ███ ██ █ ███  ██  ██ █ █ ██    █ █  █    █ ███ █  █ █  █████ ████  ███  ██
 ██████   █  █ █  ███ ███  █ █ █ █  ██ █████  ██ █   ████ ████     █   ███  ███ 
██     █ █████ ████   █  ███ █ █ ████  █    ███  ██ ██    █   █   ███ ██  ███  █
  █   ██ █     █   █ █████   █ █ █   ████  ██  ███  █ █  ███ ███ ██   █ ███  ███
████ ██  ██   ███ ██ █    █ ██ █ ██ ██   ███ ███  ███ ████   █   █ █ ██ █  ███  
█    █ ███ █ ██   █  ██  ██ █  █ █  █ █ ██   █  ███   █   █ ███ ██ █ █  ████  ██
 █  ██ █   █ █ █ █████ ███  ████ ████ █ █ █ █████  █ ███ ██ █   █  █ ████   ███ 
█████  ██ ██ █ █ █     █  ███    █    █ █ █ █    ███ █   █  ██ █████ █   █ ██  █
     ███  █  █ █ ██   █████  █  ███  ██ █ █ ██  ██   ██ █████  █     ██ ██ █ ███
█   ██  ██████ █ █ █ ██    ██████  ███  █ █ █ ███ █ ██  █    ████   ██  █  █ █  
██ ██ ███      █ █ █ █ █  ██     ███  ███ █ █ █   █ █ ████  ██   █ ██ ██████ ███
   █  █  █    ██ █ █ █ ████ █   ██  ███   █ █ ██ ██ █ █   ███ █ ██ █  █      █  
  █████████  ██  █ █ █ █    ██ ██ ███  █ ██ █ █  █  █ ██ ██   █ █  █████    ███ 
 ██        ███ ███ █ █ ██  ██  █  █  ███ █  █ ███████ █  █ █ ██ ████    █  ██  █
 █ █      ██   █   █ █ █ ███ █████████   ████ █       ████ █ █  █   █  █████ ███
 █ ██    ██ █ ███ ██ █ █ █   █        █ ██    ██     ██    █ █████ █████     █  
██ █ █  ██  █ █   █  █ █ ██ ███      ██ █ █  ██ █   ██ █  ██ █     █    █   ███ 
█  █ ████ ███ ██ █████ █ █  █  █    ██  █ ████  ██ ██  ████  ██   ███  ███ ██   
████ █    █   █  █     █ ████████  ██ ███ █   ███  █ ███   ███ █ ██  ███   █ █ █
     ██  ███ ██████   ██ █       ███  █   ██ ██  ███ █  █ ██   █ █ ███  █ ██ █ █
█   ██ ███   █     █ ██  ██     ██  ████ ██  █ ███   ████ █ █ ██ █ █  ███ █  █ █
 █ ██  █  █ ███   ██ █ ███ █   ██ ███    █ ███ █  █ ██    █ █ █  █ ████   ████ █
 █ █ ██████ █  █ ██  █ █   ██ ██  █  █  ██ █   ████ █ █  ██ █ ████ █   █ ██    █
 █ █ █      ████ █ ███ ██ ██  █ █████████  ██ ██    █ ████  █ █    ██ ██ █ █  ██
